// Jest Snapshot v1, https://goo.gl/fbAQLP

exports[`button matches snapshot 1`] = `
<div
  className="button-style"
>
  Hello 
  Naif
</div>
`;
